# Hetzner root partition cleanup — 2026-04-25
# Executed from airgenome session (ssh hetzner)

## Before
/dev/md1         98G   90G  2.9G  97% /
timestamp: 2026-04-24 19:07:40 CEST (hetzner local)

## Phase 1 — safe kills

### /tmp explicit paths (all mtime >24h, DELETED)
DEL /tmp/ckpt_clm170m_r5a6   mtime=2026-04-19 18:27  size=551M
DEL /tmp/anima_htz            mtime=2026-04-18 19:11  size=184M
DEL /tmp/forge-pack           mtime=2026-04-10 23:51  size=16M
DEL /tmp/hexa_recover_test    mtime=2026-04-16 12:04  size=13M

### /tmp/hexa_* and /tmp/nexus_* (>24h via find -not -newermt)
hexa_* before=6007 files (219M) → after=0
nexus_* before=15 files (56K)  → after=1 (newest within 24h kept)

### /var/log maintenance (sudo -n = OK)
truncate /var/log/btmp       freed=72M  (was 75079680 bytes)
rm /var/log/auth.log.1       freed=36228253
rm /var/log/auth.log.2.gz    freed=2573409
rm /var/log/kern.log.1       freed=4977583
rm /var/log/kern.log.2.gz    freed=375700
rm /var/log/syslog.1         freed=35974922
rm /var/log/syslog.2.gz      freed=956184

### journalctl --vacuum-size=50M
Deleted 4 archived journals, freed 245.3M

## Phase 1 — After
/dev/md1         98G   89G  4.3G  96% /
# 2.9G → 4.3G free = ~1.4G freed end-to-end (some recovered by FS later)

## Phase 2 — /home/hexa-lang (3.7G reported, actual top-level 205M visible)
# NOTE: prior 3.7G figure likely included other mounts; current snapshot:
.git           83M   (git repo, DO NOT purge)
build          57M   (safe to clean if re-buildable — needs user approval)
node_modules   absent
target         absent
dist           absent
top dirs: shared 100M, build 57M, self 41M, examples 1.6M, docs 1.6M

## Phase 3 — /home/anima (74G) — CHARACTERIZE ONLY
checkpoints   73G   <- dominant
data         596M   (corpus_tier_m_v2.txt 587M, 2026-04-09)
anima         17M
models        15M

Biggest files (all 2026-04-14, 437M each):
  /home/anima/checkpoints/decoder_cpu/step_{85500..89500}.pt
  10+ checkpoint files × ~437M = ~4.4G+ in step_*.pt alone
  (likely many more sequential steps; full pruning could free tens of GB
   but requires user approval — user owns training state)

## Phase 3 — /home/nexus (14G) — CHARACTERIZE ONLY
shared        4.2G  <- dominant (discovery archives)
tecs-l        419M
discovery     400M
tools         101M
archive       101M

Biggest files (shared/ discovery_archive_*.jsonl, 2026-04-09 ~ 2026-04-10):
  437M  /home/nexus/shared/discovery_archive_202604100638.jsonl
  335M  /home/nexus/.git/objects/pack/pack-c97a8cbd*.pack
  307M  /home/nexus/shared/discovery_archive_202604091719.jsonl
  287M  /home/nexus/shared/discovery_archive_202604091834.jsonl
  258M  /home/nexus/shared/discovery_archive_202604091616.jsonl
  225M  /home/nexus/shared/discovery_archive_202604091926.jsonl

## Needs user approval (NOT deleted)
- /home/anima/checkpoints/decoder_cpu/step_*.pt (~4.4G+ of older ckpts, 2026-04-14)
- /home/nexus/shared/discovery_archive_20260409*.jsonl (~1.3G old archives)
- /home/hexa-lang/build (57M, regenerable)

## Summary
bytes freed (df delta): 2.9G → 4.3G free = ~1.4G
items killed: /tmp/{ckpt_clm170m_r5a6,anima_htz,forge-pack,hexa_recover_test},
              /tmp/hexa_* (6007 files), /tmp/nexus_* (14 of 15 files),
              /var/log/btmp truncated, rotated logs .1/.2.gz removed,
              journalctl archived journals vacuumed to 50M cap
